node.exe : FAIL contracts tests/contracts/biz-ops.financial.test.ts
At line:1 char:1
+ & "C:\Program Files\nodejs/node.exe" "C:\Program Files\nodejs/node_mo ...
+ ~~~~~~~~~~~~~~~~~~~~~~~~~~~~~~~~~~~~~~~~~~~~~~~~~~~~~~~~~~~~~~~~~~~~~
    + CategoryInfo          : NotSpecified: (FAIL contracts ...nancial.test.ts:String) [], RemoteException
    + FullyQualifiedErrorId : NativeCommandError
 
  ΓùÅ Test suite failed to run

    Configuration error:

    Could not locate module @/core/engine/tenants mapped as:
    D:\Project\izhubs-erp\$1.

    Please check your configuration for these entries:
    {
      "moduleNameMapper": {
        "/^@\/(.*)$/": "D:\Project\izhubs-erp\$1"
      },
      "resolver": undefined
    }

    [0m[31m[1m>[22m[39m[90m 1 |[39m [36mimport[39m { createTenant } [36mfrom[39m [32m'@/core/engine/tenants'[39m[33m;[39m
     [90m   |[39m [31m[1m^[22m[39m
     [90m 2 |[39m [36mimport[39m { db } [36mfrom[39m [32m'@/core/engine/db'[39m[33m;[39m
     [90m 3 |[39m [36mimport[39m { createContract } [36mfrom[39m [32m'@/modules/biz-ops/engine/contracts'[39m[33m;[39m
     [90m 4 |[39m [36mimport[39m { createCampaign } [36mfrom[39m [32m'@/modules/biz-ops/engine/campaigns'[39m[33m;[39m[0m

      at createNoMappedModuleFoundError (node_modules/jest-resolve/build/resolver.js:759:17)
      at Object.<anonymous> (tests/contracts/biz-ops.financial.test.ts:1:1)

Test Suites: 1 failed, 1 total
Tests:       0 total
Snapshots:   0 total
Time:        0.389 s
Ran all test suites matching /tests\\contracts\\biz-ops.financial.test.ts/i.
